// Jest Snapshot v1, https://goo.gl/fbAQLP

exports[`rendering renders correctly 1`] = `
<div
  className="footer"
>
  <p>
    Card footer content
  </p>
</div>
`;
